#-----------------------------------------------------------
# Vivado v2020.2 (64-bit)
# SW Build 3064766 on Wed Nov 18 09:12:45 MST 2020
# IP Build 3064653 on Wed Nov 18 14:17:31 MST 2020
# Start of session at: Wed Apr 26 09:35:23 2023
# Process ID: 69980
# Current directory: E:/SCHOOL/2022-2023/LETNY SEMESTER/BPC-DE1/PC/digital-electronics-1-main/labs/xx-project_UART/project_UART/uart1
# Command line: vivado.exe -gui_launcher_event rodinguilauncherevent47860 E:\SCHOOL\2022-2023\LETNY SEMESTER\BPC-DE1\PC\digital-electronics-1-main\labs\xx-project_UART\project_UART\uart1\uart1.xpr
# Log file: E:/SCHOOL/2022-2023/LETNY SEMESTER/BPC-DE1/PC/digital-electronics-1-main/labs/xx-project_UART/project_UART/uart1/vivado.log
# Journal file: E:/SCHOOL/2022-2023/LETNY SEMESTER/BPC-DE1/PC/digital-electronics-1-main/labs/xx-project_UART/project_UART/uart1\vivado.jou
#-----------------------------------------------------------
start_gui
open_project {E:/SCHOOL/2022-2023/LETNY SEMESTER/BPC-DE1/PC/digital-electronics-1-main/labs/xx-project_UART/project_UART/uart1/uart1.xpr}
update_compile_order -fileset sources_1
synth_design -rtl -rtl_skip_mlo -name rtl_1
synth_design -rtl -rtl_skip_mlo -name rtl_1
synth_design -rtl -rtl_skip_mlo -name rtl_1
synth_design -rtl -rtl_skip_mlo -name rtl_1
synth_design -rtl -rtl_skip_mlo -name rtl_1
synth_design -rtl -rtl_skip_mlo -name rtl_1
synth_design -rtl -rtl_skip_mlo -name rtl_1
synth_design -rtl -rtl_skip_mlo -name rtl_1
synth_design -rtl -rtl_skip_mlo -name rtl_1
synth_design -rtl -rtl_skip_mlo -name rtl_1
synth_design -rtl -rtl_skip_mlo -name rtl_1
synth_design -rtl -rtl_skip_mlo -name rtl_1
synth_design -rtl -rtl_skip_mlo -name rtl_1
synth_design -rtl -rtl_skip_mlo -name rtl_1
synth_design -rtl -rtl_skip_mlo -name rtl_1
synth_design -rtl -rtl_skip_mlo -name rtl_1
synth_design -rtl -rtl_skip_mlo -name rtl_1
synth_design -rtl -rtl_skip_mlo -name rtl_1
synth_design -rtl -rtl_skip_mlo -name rtl_1
close_design
synth_design -rtl -rtl_skip_mlo -name rtl_1
close_design
synth_design -rtl -rtl_skip_mlo -name rtl_1
close_design
synth_design -rtl -rtl_skip_mlo -name rtl_1
refresh_design
refresh_design
