#-----------------------------------------------------------
# Vivado v2020.2 (64-bit)
# SW Build 3064766 on Wed Nov 18 09:12:45 MST 2020
# IP Build 3064653 on Wed Nov 18 14:17:31 MST 2020
# Start of session at: Tue Apr 11 13:33:23 2023
# Process ID: 8424
# Current directory: C:/Users/xbegan00/Documents/xbegan00/digital-electronics-1/labs/05-ffs/flip_flops
# Command line: vivado.exe -gui_launcher_event rodinguilauncherevent7400 C:\Users\xbegan00\Documents\xbegan00\digital-electronics-1\labs\05-ffs\flip_flops\flip_flops.xpr
# Log file: C:/Users/xbegan00/Documents/xbegan00/digital-electronics-1/labs/05-ffs/flip_flops/vivado.log
# Journal file: C:/Users/xbegan00/Documents/xbegan00/digital-electronics-1/labs/05-ffs/flip_flops\vivado.jou
#-----------------------------------------------------------
start_gui
open_project C:/Users/xbegan00/Documents/xbegan00/digital-electronics-1/labs/05-ffs/flip_flops/flip_flops.xpr
update_compile_order -fileset sources_1
synth_design -rtl -rtl_skip_mlo -name rtl_1
